Decomposition-depth microbenchmark
alpha=0.5, Search=default, Low=none
Cache hits: 20/41

Per-query curves
Dataset  Query         Requested splits  Actual splits  Executed units  Charged runtime (s)  Speedup    Normalized runtime  Split cost (s)  Materialized (KiB)  Status
-------  ------------  ----------------  -------------  --------------  -------------------  ---------  ------------------  --------------  ------------------  ------
JOB      22c           0                 0              1               2.035863             0.990797   1.009289            0.000000        0.00                ok
JOB      22c           1                 1              2               2.108567             0.956633   1.045333            0.442728        1032.00             ok
JOB      22c           2                 2              3               2.594755             0.777386   1.286363            0.432524        1552.00             ok
JOB      22c           3                 3              4               2.522690             0.799593   1.250636            0.558359        2072.00             ok
JOB      22c           4                 4              5               1.373647             1.468446   0.680992            1.226506        2336.00             ok
JOB      29a           0                 0              1               2.373275             0.964841   1.036440            0.000000        0.00                ok
JOB      29a           1                 1              2               0.635027             3.605885   0.277324            0.117078        16.00               ok
JOB      29a           2                 2              3               0.169312             13.524362  0.073941            0.070540        32.00               ok
JOB      29a           3                 3              4               0.211863             10.808108  0.092523            0.081621        48.00               ok
JOB      29a           4                 4              5               0.408427             5.606468   0.178365            0.333385        64.00               ok
JOB      29a           5                 5              6               0.141889             16.138253  0.061965            0.126942        104.00              ok
JOB      29a           6                 6              7               0.449789             5.090905   0.196429            0.409665        176.00              ok
JOB      33a           0                 0              1               0.399193             0.802444   1.246193            0.000000        0.00                ok
JOB      33a           1                 1              2               0.490454             0.653130   1.531089            0.361531        520.00              ok
JOB      33a           2                 2              3               0.451615             0.709300   1.409841            0.415215        656.00              ok
JOB      33a           3                 3              4               0.433208             0.739438   1.352379            0.408792        672.00              ok
JOB      33a           4                 4              5               0.431559             0.742262   1.347233            0.419313        688.00              ok
JOB      33a           5                 5              6               0.432797             0.740139   1.351097            0.419577        704.00              ok
JOB      33a           6                 6              7               0.760193             0.421380   2.373154            0.713511        720.00              ok
STACK    q13_935e2051  0                 0              1               16.348701            0.982950   1.017345            0.000000        0.00                ok
STACK    q13_935e2051  1                 1              2               5.485952             2.929293   0.341379            0.051467        8.00                ok
STACK    q13_935e2051  2                 2              3               17.107710            0.939340   1.064577            0.972476        20488.00            ok
STACK    q13_935e2051  3                 3              4               16.576553            0.969439   1.031524            15.326271       26632.00            ok
STACK    q13_935e2051  4                 4              5               28.426223            0.565322   1.768904            14.604143       29192.00            ok
STACK    q13_935e2051  5                 5              6               34.937031            0.459969   2.174058            34.651221       29712.00            ok
STACK    q2_q2-012     0                 0              1               19.558713            1.052903   0.949755            0.000000        0.00                ok
STACK    q2_q2-012     1                 1              2               8.283462             2.486089   0.402238            0.033346        8.00                ok
STACK    q2_q2-012     2                 2              3               0.982951             20.950610  0.047731            0.032666        16.00               ok
STACK    q2_q2-012     3                 3              4               5.891728             3.495311   0.286098            0.077474        272.00              ok
STACK    q2_q2-012     4                 4              5               5.721242             3.599467   0.277819            0.170629        1296.00             ok
STACK    q2_q2-012     5                 5              6               5.266842             3.910013   0.255754            0.286274        1552.00             ok
STACK    q2_q2-012     6                 6              7               1.015037             20.288345  0.049289            0.707093        5656.00             ok
STACK    q2_q2-012     7                 7              8               1.253719             16.425863  0.060880            1.227569        6680.00             ok
STACK    q3_q3-099     0                 0              1               11.584622            2.327147   0.429711            0.000000        0.00                ok
STACK    q3_q3-099     1                 1              2               0.815501             33.058364  0.030250            0.037561        8.00                ok
STACK    q3_q3-099     2                 2              3               2.554628             10.553047  0.094759            0.056858        264.00              ok
STACK    q3_q3-099     3                 3              4               2.537569             10.623993  0.094127            0.065655        272.00              ok
STACK    q3_q3-099     4                 4              5               2.453024             10.990154  0.090991            0.098555        528.00              ok
STACK    q3_q3-099     5                 5              6               2.454794             10.982232  0.091056            0.183292        784.00              ok
STACK    q3_q3-099     6                 6              7               0.477879             56.414117  0.017726            0.418476        1040.00             ok
STACK    q3_q3-099     7                 7              8               0.438974             61.413860  0.016283            0.410888        1168.00             ok

Best depth per query
Dataset  Query         Best splits  Best units  Best speedup  Deepest splits  Deepest speedup
-------  ------------  -----------  ----------  ------------  --------------  ---------------
JOB      22c           4            5           1.468446      4               1.468446
JOB      29a           5            6           16.138253     6               5.090905
JOB      33a           0            1           0.802444      6               0.421380
STACK    q13_935e2051  1            2           2.929293      5               0.459969
STACK    q2_q2-012     2            3           20.950610     7               16.425863
STACK    q3_q3-099     7            8           61.413860     7               61.413860

Workload aggregate at common depths
Dataset  Requested splits  Queries  Normalized runtime  WS        Split cost (s)
-------  ----------------  -------  ------------------  --------  --------------
JOB      0                 3        1.039125            0.962348  0.000000
JOB      1                 3        0.698908            1.430804  0.921337
JOB      2                 3        0.694938            1.438976  0.918279
JOB      3                 3        0.684582            1.460745  1.048772
JOB      4                 3        0.478387            2.090360  1.979204
STACK    0                 3        0.746466            1.339646  0.000000
STACK    1                 3        0.229241            4.362213  0.122374
STACK    2                 3        0.324497            3.081696  1.062000
STACK    3                 3        0.393035            2.544305  15.469400
STACK    4                 3        0.575276            1.738296  14.873327
STACK    5                 3        0.670497            1.491432  35.120787
