NQO LEARNING TRACE
rows=128 estimated_init=39 measured=89
Negative iterations are estimated init points with shrunken fold variation; iteration 0 onward is measured.
CHECKPOINT RESULTS
Fold columns report each fold's best-so-far WS = PG / NQO; the final column reports the cross-fold best-so-far 1/WS.

TPCH / Random
Iteration             Fold-a WS    Fold-b WS    Fold-c WS     Best-so-far 1/WS
--------------------------------------------------------------------------------
-1                     0.834834     0.760541     0.814598             1.230000
0                      1.042181     0.928904     1.010834             0.991683
4                      1.042181     0.928904     1.010834             0.991683
8                      1.042181     0.928904     1.010834             0.991683
12                     1.184449     0.928904     1.010834             0.959797
16                     1.189678     0.928904     1.010834             0.958770
20                     1.189678     0.928904     1.010834             0.958770
24                     1.189678     0.928904     1.010834             0.958770
28                     1.189678     0.928904     1.010834             0.958770
32                     1.207143     0.930712     1.010834             0.955151
36                     1.207143     0.940530     1.010834             0.953784
40                     1.207143     0.940530     1.010834             0.953784
44                     1.207143     0.940530     1.010834             0.953784
48                     1.207143     0.940530     1.010834             0.953784
52                     1.207143     0.940530     1.010834             0.953784
56                     1.207143     0.941437     1.010834             0.953659

JOB / Base-query
Iteration             Fold-a WS    Fold-b WS    Fold-c WS     Best-so-far 1/WS
--------------------------------------------------------------------------------
-2                     0.628973     0.715103     0.618032             1.520000
-1                     0.853606     0.970497     0.838758             1.120000
0                      1.040829     1.457042     0.998889             0.860601
4                      1.223494     1.509891     1.820460             0.678102
8                      1.223494     1.527003     1.820460             0.675083
12                     1.223494     1.530094     1.820460             0.674545
16                     1.223494     2.415758     1.820460             0.577082

JOB / Leave-one-out
Iteration             Fold-a WS    Fold-b WS    Fold-c WS     Best-so-far 1/WS
--------------------------------------------------------------------------------
-2                     0.647501     0.723625     0.711088             1.430000
-1                     0.898957     1.004644     0.987239             1.030000
0                      0.898957     2.044788     1.657071             0.680398
4                      1.318573     2.044788     1.657071             0.593207
8                      1.318573     2.044788     1.657071             0.593207
12                     1.318573     2.121208     1.657071             0.585751
16                     1.318573     2.121208     1.657071             0.585751
20                     1.318573     2.121208     1.657071             0.585751
24                     1.318573     2.182891     1.657071             0.580113

JOB / Random
Iteration             Fold-a WS    Fold-b WS    Fold-c WS     Best-so-far 1/WS
--------------------------------------------------------------------------------
-2                     0.687341     0.625626     0.705255             1.480000
-1                     0.862089     0.784683     0.884557             1.180000
0                      1.475573     0.784683     1.933465             0.779273
4                      1.475573     0.784683     2.195688             0.753472
8                      1.475573     1.272020     2.195688             0.615507
12                     1.475573     1.272020     2.195688             0.615507
16                     1.475573     1.272020     2.195688             0.615507
20                     1.475573     1.272020     2.195688             0.615507
24                     1.475573     1.624953     2.195688             0.567258
28                     1.475573     1.708767     2.195688             0.558729

STACK / Base-query
Iteration             Fold-a WS    Fold-b WS    Fold-c WS     Best-so-far 1/WS
--------------------------------------------------------------------------------
-2                     0.701459     0.782111     0.739201             1.320000
-1                     0.974659     1.086723     1.027100             0.950000
0                      0.974659     2.736699     1.027100             0.615343
4                      0.974659     2.885943     1.027100             0.603944
8                      0.974659     3.525870     1.027100             0.566009
12                     0.974659     3.525870     1.027100             0.566009
16                     0.974659     3.891859     1.027100             0.549920

STACK / Leave-one-out
Iteration             Fold-a WS    Fold-b WS    Fold-c WS     Best-so-far 1/WS
--------------------------------------------------------------------------------
-2                     0.839331     0.807307     0.723380             1.280000
-1                     1.155208     1.111132     0.995619             0.930000
0                      1.775229     1.509461     1.037260             0.749187
4                      1.780194     1.509461     1.037260             0.748653
8                      1.780194     1.509461     1.402475             0.648431
12                     1.780194     1.571947     1.679160             0.594654

STACK / Random
Iteration             Fold-a WS    Fold-b WS    Fold-c WS     Best-so-far 1/WS
--------------------------------------------------------------------------------
-2                     0.770891     0.693355     0.689997             1.410000
-1                     0.921150     0.828501     0.824488             1.180000
0                      2.109054     1.384860     0.824488             0.851717
4                      2.109054     1.384860     0.824488             0.851717
8                      2.109054     1.384860     0.913799             0.805970
12                     2.109054     1.384860     0.913799             0.805970
16                     2.109054     1.384860     0.913799             0.805970
20                     2.109054     1.384860     1.658409             0.616355
24                     2.204272     1.384860     1.658409             0.611418


PLOT DATA: BEST-SO-FAR 1/WS

TPCH
Training iteration Elapsed Time (min)     Best-so-far 1/WS
----------------------------------------------------------
-1                              0.000  1.230000
0                               8.947  0.991683
4                              10.896  0.991683
8                              11.735  0.991683
12                             12.336  0.959797
16                             12.977  0.958770
20                             13.517  0.958770
24                             14.054  0.958770
28                             14.608  0.958770
32                             15.153  0.955151
36                             15.722  0.953784
40                             16.267  0.953784
44                             16.822  0.953784
48                             17.375  0.953784
52                             17.928  0.953784
56                             18.476  0.953659

JOB
Training iteration Base elapsed (min)    Base best-so-far 1/WS  LOO elapsed (min)     LOO best-so-far 1/WS  Random elapsed (min)    Random best-so-far 1/WS
--------------------------------------------------------------------------------------------------------------------------------------------------------------
-2                              0.000                 1.520000              0.000                 1.430000                 0.000                   1.480000
-1                             12.600                 1.120000             16.400                 1.030000                15.500                   1.180000
0                              29.906                 0.860601             32.679                 0.680398                31.677                   0.779273
4                              46.718                 0.678102             46.995                 0.593207                45.358                   0.753472
8                              59.449                 0.675083             59.864                 0.593207                57.714                   0.615507
12                             71.347                 0.674545             73.233                 0.585751                70.451                   0.615507
16                             83.742                 0.577082             86.481                 0.585751                84.723                   0.615507
20                             96.572                 0.577082            100.243                 0.585751                96.103                   0.615507
24                            108.045                 0.577082            112.953                 0.580113               109.504                   0.567258
28                            120.127                 0.577082            124.400                 0.580113               120.647                   0.558729
32                            132.756                 0.577082            137.441                 0.580113               133.336                   0.558729

STACK
Training iteration Base elapsed (min)    Base best-so-far 1/WS  LOO elapsed (min)     LOO best-so-far 1/WS  Random elapsed (min)    Random best-so-far 1/WS
--------------------------------------------------------------------------------------------------------------------------------------------------------------
-2                              0.000                 1.320000              0.000                 1.280000                 0.000                   1.410000
-1                             12.600                 0.950000             16.400                 0.930000                15.500                   1.180000
0                              35.003                 0.615343             31.456                 0.749187                34.105                   0.851717
4                              64.478                 0.603944             57.041                 0.748653                64.653                   0.851717
8                              86.290                 0.566009             82.690                 0.648431                85.697                   0.805970
12                            106.984                 0.566009            104.418                 0.594654               108.118                   0.805970
16                            128.233                 0.549920            124.464                 0.594654               129.554                   0.805970
20                            149.482                 0.549920            144.510                 0.594654               150.980                   0.616355
24                            170.175                 0.549920            166.237                 0.594654               171.940                   0.611418
28                            191.987                 0.549920            191.886                 0.594654               192.340                   0.611418
32                            221.463                 0.549920            217.472                 0.594654               211.300                   0.611418
